<html>
<body>
<pre>
<h1>µVision Build Log</h1>
<h2>Project:</h2>
C:\Users\sedwa\OneDrive\Dokumenty\CubeMX\Projekt\MDK-ARM\Projekt.uvproj
Project File Date:  06/07/2021

<h2>Output:</h2>
Build target 'Projekt'
compiling main.c...
linking...
Program Size: Code=4120 RO-data=284 RW-data=32 ZI-data=1096  
FromELF: creating hex file...
"Projekt\Projekt.axf" - 0 Error(s), 0 Warning(s).
</pre>
</body>
</html>
mpiling stm32f1xx_hal_tim.c...
compiling stm32f1xx_hal_tim_ex.c...
compiling stm32f1xx_hal.c...
compiling stm32f1xx_hal_rcc.c...
compiling stm32f1xx_hal_rcc_ex.c...
compiling stm32f1xx_hal_gpio.c...
compiling stm32f1xx_hal_dma.c...
compiling stm32f1xx_hal_cortex.c...
compiling stm32f1xx_hal_pwr.c...
compiling stm32f1xx_hal_flash.c...
compiling stm32f1xx_hal_flash_ex.c...
compiling stm32f1xx_hal_exti.c...
compiling system_stm32f1xx.c...
linking...
Program Size: Code=4072 RO-data=284 RW-data=32 ZI-data=1096  
FromELF: creating hex file...
"Projekt\Projekt.axf" - 0 Error(s), 0 Warning(s).
mpiling stm32f1xx_hal_rcc.c...
compiling stm32f1xx_hal_rcc_ex.c...
compiling stm32f1xx_hal_gpio.c...
compiling stm32f1xx_hal_dma.c...
compiling stm32f1xx_hal_cortex.c...
compiling stm32f1xx_hal_pwr.c...
compiling stm32f1xx_hal_flash.c...
compiling stm32f1xx_hal_flash_ex.c...
compiling stm32f1xx_hal_exti.c...
compiling system_stm32f1xx.c...
"Projekt\Projekt.axf" - 2 Error(s), 2 Warning(s).
Target not created
